test_cross_owner_cannot_read_submission_history (tests.test_owner_truth_source_records.OwnerTruthSourceRecordAPITests) ... ok
test_owner_can_list_and_read_original_submission (tests.test_owner_truth_source_records.OwnerTruthSourceRecordAPITests) ... ok
test_source_record_is_separate_from_formal_memory (tests.test_owner_truth_source_records.OwnerTruthSourceRecordTests) ... ok
test_source_record_reports_pending_candidate_counts (tests.test_owner_truth_source_records.OwnerTruthSourceRecordTests) ... ok
test_text_archive_save_returns_shadow_receipt_and_photo_is_explicitly_not_shadowed (tests.test_owner_truth_create_source.ArchiveOwnerTruthCompatibilityAPITests) ... ok
test_compatibility_facade_only_shadows_text_archive_items (tests.test_owner_truth_create_source.OwnerTruthCreateSourceCommandTests) ... ok
test_new_source_rejects_nonzero_expected_version (tests.test_owner_truth_create_source.OwnerTruthCreateSourceCommandTests) ... ok
test_new_source_rejects_stale_authority_epoch_but_replays_existing_command (tests.test_owner_truth_create_source.OwnerTruthCreateSourceCommandTests) ... ok
test_reusing_command_id_with_changed_payload_is_an_explicit_conflict (tests.test_owner_truth_create_source.OwnerTruthCreateSourceCommandTests) ... ok
test_same_command_replays_the_original_receipt_without_duplicate_source (tests.test_owner_truth_create_source.OwnerTruthCreateSourceCommandTests) ... ok
test_contract_is_default_hidden_even_for_an_authenticated_owner (tests.test_owner_truth_candidate_review_api.OwnerTruthCandidateReviewAPITests) ... release_policy_command_denied mode=observe feature=ownerTruthCandidateReview reason=notApprovedForClosedPilot revision=1
ok
test_cross_vault_stale_and_corrected_value_boundaries (tests.test_owner_truth_candidate_review_api.OwnerTruthCandidateReviewAPITests) ... release_policy_command_denied mode=observe feature=ownerTruthCandidateReview reason=notApprovedForClosedPilot revision=1
release_policy_command_denied mode=observe feature=ownerTruthCandidateReview reason=notApprovedForClosedPilot revision=1
release_policy_command_denied mode=observe feature=ownerTruthCandidateReview reason=notApprovedForClosedPilot revision=1
ok
test_decision_result_lookup_is_scoped_to_owner_vault_candidate_and_command (tests.test_owner_truth_candidate_review_api.OwnerTruthCandidateReviewAPITests) ... release_policy_command_denied mode=observe feature=ownerTruthCandidateReview reason=notApprovedForClosedPilot revision=1
release_policy_command_denied mode=observe feature=ownerTruthCandidateReview reason=notApprovedForClosedPilot revision=1
release_policy_command_denied mode=observe feature=ownerTruthCandidateReview reason=notApprovedForClosedPilot revision=1
ok
test_owner_can_list_decide_activate_memory_and_replay (tests.test_owner_truth_candidate_review_api.OwnerTruthCandidateReviewAPITests) ... release_policy_command_denied mode=observe feature=ownerTruthCandidateReview reason=notApprovedForClosedPilot revision=1
release_policy_command_denied mode=observe feature=ownerTruthCandidateReview reason=notApprovedForClosedPilot revision=1
release_policy_command_denied mode=observe feature=ownerTruthCandidateReview reason=notApprovedForClosedPilot revision=1
release_policy_command_denied mode=observe feature=ownerTruthCandidateReview reason=notApprovedForClosedPilot revision=1
ok
test_owner_can_lookup_one_durable_decision_without_replaying_the_write (tests.test_owner_truth_candidate_review_api.OwnerTruthCandidateReviewAPITests) ... release_policy_command_denied mode=observe feature=ownerTruthCandidateReview reason=notApprovedForClosedPilot revision=1
release_policy_command_denied mode=observe feature=ownerTruthCandidateReview reason=notApprovedForClosedPilot revision=1
release_policy_command_denied mode=observe feature=ownerTruthCandidateReview reason=notApprovedForClosedPilot revision=1
ok
test_owner_can_read_terminal_candidate_history_without_reopening_review (tests.test_owner_truth_candidate_review_api.OwnerTruthCandidateReviewAPITests) ... release_policy_command_denied mode=observe feature=ownerTruthCandidateReview reason=notApprovedForClosedPilot revision=1
release_policy_command_denied mode=observe feature=ownerTruthCandidateReview reason=notApprovedForClosedPilot revision=1
release_policy_command_denied mode=observe feature=ownerTruthCandidateReview reason=notApprovedForClosedPilot revision=1
release_policy_command_denied mode=observe feature=ownerTruthCandidateReview reason=notApprovedForClosedPilot revision=1
release_policy_command_denied mode=observe feature=ownerTruthCandidateReview reason=notApprovedForClosedPilot revision=1
ok
test_owner_can_rebuild_and_read_projection_without_raw_content_echo (tests.test_owner_truth_candidate_review_api.OwnerTruthCandidateReviewAPITests) ... release_policy_command_denied mode=observe feature=ownerTruthCandidateReview reason=notApprovedForClosedPilot revision=1
ok
test_server_authorized_owner_records_citation_and_resolves_correction_without_qa_header (tests.test_owner_truth_candidate_review_api.OwnerTruthCandidateReviewAPITests) ... ok
test_server_authorized_owner_reviews_candidate_without_qa_header (tests.test_owner_truth_candidate_review_api.OwnerTruthCandidateReviewAPITests) ... ok
test_v5_candidate_binds_an_owner_visible_changeset_before_decision (tests.test_owner_truth_candidate_review_api.OwnerTruthCandidateReviewAPITests) ... release_policy_command_denied mode=observe feature=ownerTruthCandidateReview reason=notApprovedForClosedPilot revision=1
release_policy_command_denied mode=observe feature=ownerTruthCandidateReview reason=notApprovedForClosedPilot revision=1
release_policy_command_denied mode=observe feature=ownerTruthCandidateReview reason=notApprovedForClosedPilot revision=1
release_policy_command_denied mode=observe feature=ownerTruthCandidateReview reason=notApprovedForClosedPilot revision=1
ok
test_v5_correction_preview_binds_source_candidate_and_resolved_content (tests.test_owner_truth_candidate_review_api.OwnerTruthCandidateReviewAPITests) ... release_policy_command_denied mode=observe feature=ownerTruthCandidateReview reason=notApprovedForClosedPilot revision=1
release_policy_command_denied mode=observe feature=ownerTruthCandidateReview reason=notApprovedForClosedPilot revision=1
release_policy_command_denied mode=observe feature=ownerTruthCandidateReview reason=notApprovedForClosedPilot revision=1
release_policy_command_denied mode=observe feature=ownerTruthCandidateReview reason=notApprovedForClosedPilot revision=1
release_policy_command_denied mode=observe feature=ownerTruthCandidateReview reason=notApprovedForClosedPilot revision=1
ok
test_v5_dependency_group_previews_commits_atomically_and_replays (tests.test_owner_truth_candidate_review_api.OwnerTruthCandidateReviewAPITests) ... release_policy_command_denied mode=observe feature=ownerTruthCandidateReview reason=notApprovedForClosedPilot revision=1
release_policy_command_denied mode=observe feature=ownerTruthCandidateReview reason=notApprovedForClosedPilot revision=1
release_policy_command_denied mode=observe feature=ownerTruthCandidateReview reason=notApprovedForClosedPilot revision=1
release_policy_command_denied mode=observe feature=ownerTruthCandidateReview reason=notApprovedForClosedPilot revision=1
release_policy_command_denied mode=observe feature=ownerTruthCandidateReview reason=notApprovedForClosedPilot revision=1
release_policy_command_denied mode=observe feature=ownerTruthCandidateReview reason=notApprovedForClosedPilot revision=1
ok
test_actual_changeset_authority_passes_operation_and_temporal_gate (tests.test_owner_truth_memory_changeset_quality.OwnerTruthMemoryChangeSetQualityTests) ... ok
test_corpus_expands_to_independent_dev_and_holdout_denominators (tests.test_owner_truth_memory_changeset_quality.OwnerTruthMemoryChangeSetQualityTests) ... ok
test_wrong_expectation_is_reported_by_case_id_without_fact_content (tests.test_owner_truth_memory_changeset_quality.OwnerTruthMemoryChangeSetQualityTests) ... ok

----------------------------------------------------------------------
Ran 25 tests in 2.975s

OK
